definitions = "definition.csv"
provinces = "provinces.png"
positions = "positions.txt"
rivers = "rivers.png"
topology = "heightmap.heightmap"
adjacencies = "adjacencies.csv"
areas = "areas.txt"
regions = "regions.txt"
ports = "ports.csv"
climate = "climate.txt"

#Seazones, list:
sea_zones = LIST { 4614 4783 4952 4954 5020 6469 6506 6519 7645 }
#Seazones, Ranges:
sea_zones = RANGE { 2500 2542 }
sea_zones = RANGE { 2544 2987 }
sea_zones = RANGE { 652 654 }
sea_zones = RANGE { 1473 1499 }
sea_zones = RANGE { 4722 4749 }
sea_zones = RANGE { 5670 5865 }
sea_zones = RANGE { 4589 4599 }
sea_zones = RANGE { 7743 7750 }
sea_zones = RANGE { 7847 7860 } # New Impassable Seazones
sea_zones = LIST { 6418 6436 6437 7906 7907 8019 8020 }
sea_zones = RANGE { 8370 8373 } #Aral INR  
sea_zones = LIST { 6444 } #Aral

#Wastelands, List:
wasteland = LIST { 3222 5020 6044 6046 6064 6300 6482 7299 5981 }				#impassable - will never be colored in any map mode
wasteland = RANGE { 5936 5967 }
wasteland = RANGE { 5969 5976 }
wasteland = RANGE { 5984 5992 }
wasteland = RANGE { 6048 6049 }
wasteland = RANGE { 7640 7644 } 
wasteland = RANGE { 7847 7860 } # New Impassable Seazones
wasteland = LIST { 6464 } #INR V Lakes

#Impassables, Ranges:
impassable_terrain = RANGE { 5000 5019 }	#impassable - will get neighboring provinces' color in some map modes
impassable_terrain = RANGE { 5021 5382 }
impassable_terrain = RANGE { 5384 5389 }
impassable_terrain = RANGE { 5447 5448 }
impassable_terrain = RANGE { 5882 5883 }
impassable_terrain = RANGE { 5954 5960 }
impassable_terrain = RANGE { 5934 5935 }
impassable_terrain = RANGE { 5977 5980 }
impassable_terrain = RANGE { 5993 5999 }
impassable_terrain = RANGE { 6050 6063 }
impassable_terrain = RANGE { 7282 7297 }
impassable_terrain = RANGE { 7733 7737 } # Volcanoes
impassable_terrain = RANGE { 7751 7759 } # New Anatolian Impassables
impassable_terrain = RANGE { 7800 7801 } # New Greek impassables
impassable_terrain = RANGE { 7909 7913 } # New Anatolian impassables
impassable_terrain = RANGE { 7915 7933 } # New Anatolian impassables
impassable_terrain = RANGE { 7943 7946 } # New Anatolian impassables
impassable_terrain = RANGE { 7965 7967 } # New Anatolian impassables
impassable_terrain = RANGE { 7972 7980 } # New Anatolian impassables
impassable_terrain = RANGE { 7982 7984 } # New Anatolian impassables
impassable_terrain = RANGE { 7987 7989 } # New Anatolian impassables
impassable_terrain = RANGE { 7995 7997 } # New Anatolian impassables
impassable_terrain = RANGE { 8000 8002 } # New Anatolian impassables
impassable_terrain = RANGE { 8004 8006 } # New Anatolian impassables
impassable_terrain = RANGE { 8055 8062 } # New Anatolian impassables
#Impassables, List:
impassable_terrain = LIST { 768 783 3138 3316 5962 5963 5968 6045 6483 6488 6493 6494 6495 6496 6497 6498 6499 7357 7280 7281 7646 7647 7648 7649 7761 7762 7764 7796 7797 7861 7895 7900 7940 7950 7952 7953 7955 7957 7959 7960 7969 7970 7992 7993 8012 8013 8014 8017 }


#Uninhabitables, Ranges:
uninhabitable = RANGE { 7546 7558 }
uninhabitable = RANGE { 7561 7565 }
uninhabitable = RANGE { 5602 5604 }
uninhabitable = RANGE { 5399 5407 }
uninhabitable = RANGE { 5411 5414 }
uninhabitable = RANGE { 5438 5441 }
uninhabitable = RANGE { 5449 5450 }
uninhabitable = RANGE { 5665 5669 }
uninhabitable = RANGE { 8021 8025 }
uninhabitable = RANGE { 8567 8573 }
#Uninhabitables, List:
uninhabitable = LIST { 1673 1749 1750 1870 4992 5436 5443 5444 5446 7566 7567 7763 7914 7986 }

#Lakes, Ranges:
lakes = RANGE { 5982 5983 }
lakes = RANGE { 6303 6306 } #INR Split 1a
lakes = RANGE { 6307 6310 } #INR Split 1b
LAKES = RANGE { 6312 6350 }	#INR Split 2a
LAKES = RANGE { 6352 6355 }	#INR Split 2b
LAKES = RANGE { 6357 6372 }	#INR Split 2c
LAKES = RANGE { 6374 6375 }	#INR Split 2d
lakes = RANGE { 6377 6396 }
lakes = RANGE { 6400 6417 }
lakes = LIST { 6421 } 		#INR Split 3a
lakes = RANGE { 6423 6428 } #INR Split 3b
lakes = LIST { 6438 } 		#INR Split 4a
lakes = RANGE { 6441 6442 } #INR Split 4b
lakes = RANGE { 6445 6468 } #INR Split 4c
lakes = RANGE { 7661 7664 }
sea_zones = RANGE { 4569 4588 } #Caspian INR
sea_zones = RANGE { 2988 2999 } #Caspian INR
lakes = RANGE { 8040 8041 } # Marius/ Eblu+Aksehir
lakes = RANGE { 8052 8054 } # Marius
lakes = LIST { 6299 6398 6419 6432 6434 6435 8575 }

#Major Rivers
river_provinces = RANGE { 7666 7667 } # Nile River 2
river_provinces = RANGE { 7669 7687 } # Nile River 19
river_provinces = RANGE { 7692 7700 } # Indus River 9
river_provinces = RANGE { 7701 7708 } # Ganges River 8
river_provinces = RANGE { 7709 7709 } # Gallikos River 1
river_provinces = RANGE { 7710 7722 } # Euphrates & Tigris River 13
river_provinces = RANGE { 7724 7731 } # Rhine River 8
river_provinces = RANGE { 7766 7795 } # New Rivers in Livy 30
river_provinces = RANGE { 7862 7888 } # Additional New Rivers in Livy 27
river_provinces = RANGE { 8028 8039 } # Marius/ Pyramus+Padus+Abus+Tamesis+Iberus 12
river_provinces = RANGE { 8042 8049 } # Marius/ Tanais+Rha 8
river_provinces = LIST { 6376 7741 7742 7665 7846 8051 } #6 - 143 Total V Rivers
#INR Rivers
river_provinces = RANGE { 8063 8103 } # Nile Ex 41  
river_provinces = RANGE { 8104 8123 } # Iberia Ex-a 20  
river_provinces = RANGE { 8542 8543 } # Iberia Ex-b 2  
river_provinces = RANGE { 8124 8163 } # Gaulic Ex 40  
river_provinces = RANGE { 8164 8171 } # Britain 8 
river_provinces = LIST { 8541 } 	  # Britain Ex-a 1 
river_provinces = RANGE { 8544 8548 } # Britain Ex-b 5 
river_provinces = RANGE { 8172 8189 } # Rhine Ex 18  
river_provinces = RANGE { 8190 8207 } # Germanic Ex-a 18 
river_provinces = RANGE { 8549 8550 } # Germanic Ex-b 2  
river_provinces = RANGE { 8208 8230 } # Baltic 23  
river_provinces = RANGE { 8231 8247 } # Italian 17  
river_provinces = RANGE { 8248 8316 } # Danube Ex 67  
river_provinces = RANGE { 8317 8326 } # Black Sea Tributaries Ex-a 10  
river_provinces = RANGE { 8327 8339 } # Caspian Sea Tributaries 13  
river_provinces = RANGE { 8340 8369 } # Tigris-Euphrates Ex 30  
river_provinces = RANGE { 8374 8384 } # Oxus 11  
river_provinces = RANGE { 8562 8566 } # Oxus Ex 5
river_provinces = RANGE { 8535 8540 } # Jaxartes 6 
river_provinces = RANGE { 8385 8412 } # Western India Ex-a 28   
river_provinces = RANGE { 8413 8464 } # Ganges Ex  52 
river_provinces = RANGE { 8465 8509 } # Eastern India   45 
river_provinces = RANGE { 8510 8517 } # Western India Ex-b 8 
river_provinces = RANGE { 8518 8521 } # Gaulic Ex-b 4 
river_provinces = RANGE { 8522 8530 } # Black Sea Tributaries Ex-b 9 
river_provinces = RANGE { 8531 8534 } # Caspian Sea Tributaries-b 4 
river_provinces = RANGE { 8558 8561 } # Black Sea Tributaries Ex-c 4
river_provinces = RANGE { 8551 8553 } # Maratania 3 
river_provinces = RANGE { 8554 8557 } # Greace Ex 4 
river_provinces = LIST { 6306 6351 6373 6356 6429 6430 6439 6440 6422 6434 6435 6443 } #Lakes turned into rivers 12 - 510 Total INR




